[      38ms] [ERROR] Failed to load resource: the server responded with a status of 404 (Not Found) @ http://localhost:3939/api/providers/active:0
[      38ms] [ERROR] Failed to fetch active provider: HTTP 404 @ http://localhost:3939/ui/assets/index-B3Czt77T.js:131
[    6979ms] [ERROR] Failed to load resource: the server responded with a status of 404 (Not Found) @ http://localhost:3939/api/providers/active:0
[    6980ms] [ERROR] Failed to fetch active provider: HTTP 404 @ http://localhost:3939/ui/assets/index-B3Czt77T.js:131
[    7175ms] [ERROR] Failed to load resource: the server responded with a status of 404 (Not Found) @ http://localhost:3939/api/providers/active:0
[    7175ms] [ERROR] Failed to fetch active provider: HTTP 404 @ http://localhost:3939/ui/assets/index-B3Czt77T.js:131
[    7344ms] [ERROR] Failed to load resource: the server responded with a status of 404 (Not Found) @ http://localhost:3939/api/providers/active:0
[    7344ms] [ERROR] Failed to fetch active provider: HTTP 404 @ http://localhost:3939/ui/assets/index-B3Czt77T.js:131
[   96110ms] [ERROR] Failed to load resource: the server responded with a status of 404 (Not Found) @ http://localhost:3939/api/providers/active:0
[   96110ms] [ERROR] Failed to fetch active provider: HTTP 404 @ http://localhost:3939/ui/assets/index-B3Czt77T.js:131
[   98853ms] [ERROR] Failed to load resource: the server responded with a status of 404 (Not Found) @ http://localhost:3939/api/providers/active:0
[   98854ms] [ERROR] Failed to fetch active provider: HTTP 404 @ http://localhost:3939/ui/assets/index-B3Czt77T.js:131
[   99423ms] [ERROR] Failed to load resource: the server responded with a status of 404 (Not Found) @ http://localhost:3939/api/providers/active:0
[   99423ms] [ERROR] Failed to fetch active provider: HTTP 404 @ http://localhost:3939/ui/assets/index-B3Czt77T.js:131
[   99800ms] [ERROR] Failed to load resource: the server responded with a status of 404 (Not Found) @ http://localhost:3939/api/providers/active:0
[   99800ms] [ERROR] Failed to fetch active provider: HTTP 404 @ http://localhost:3939/ui/assets/index-B3Czt77T.js:131
[  102474ms] [ERROR] Failed to load resource: the server responded with a status of 404 (Not Found) @ http://localhost:3939/api/providers/active:0
[  102474ms] [ERROR] Failed to fetch active provider: HTTP 404 @ http://localhost:3939/ui/assets/index-BfIsgjML.js:131
[  103093ms] [ERROR] Failed to load resource: the server responded with a status of 404 (Not Found) @ http://localhost:3939/api/providers/active:0
[  103093ms] [ERROR] Failed to fetch active provider: HTTP 404 @ http://localhost:3939/ui/assets/index-BfIsgjML.js:131
[  103640ms] [ERROR] Failed to load resource: the server responded with a status of 404 (Not Found) @ http://localhost:3939/api/providers/active:0
[  103640ms] [ERROR] Failed to fetch active provider: HTTP 404 @ http://localhost:3939/ui/assets/index-BfIsgjML.js:131
[  103928ms] [ERROR] Failed to load resource: the server responded with a status of 404 (Not Found) @ http://localhost:3939/api/providers/active:0
[  103928ms] [ERROR] Failed to fetch active provider: HTTP 404 @ http://localhost:3939/ui/assets/index-BfIsgjML.js:131
[  104164ms] [ERROR] Failed to load resource: the server responded with a status of 404 (Not Found) @ http://localhost:3939/api/providers/active:0
[  104164ms] [ERROR] Failed to fetch active provider: HTTP 404 @ http://localhost:3939/ui/assets/index-BfIsgjML.js:131
[  104451ms] [ERROR] Failed to load resource: the server responded with a status of 404 (Not Found) @ http://localhost:3939/api/providers/active:0
[  104451ms] [ERROR] Failed to fetch active provider: HTTP 404 @ http://localhost:3939/ui/assets/index-BfIsgjML.js:131
