[      78ms] ReferenceError: process is not defined
    at Ga (http://localhost:3939/ui/assets/index-B5Gb5W-w.js:135:1479)
    at Av (http://localhost:3939/ui/assets/index-B5Gb5W-w.js:135:1678)
    at http://localhost:3939/ui/assets/index-B5Gb5W-w.js:135:6270
    at $v (http://localhost:3939/ui/assets/index-B5Gb5W-w.js:136:1123)
    at http://localhost:3939/ui/assets/index-B5Gb5W-w.js:136:1197
    at zh (http://localhost:3939/ui/assets/index-B5Gb5W-w.js:136:1215)
    at fs (http://localhost:3939/ui/assets/index-B5Gb5W-w.js:136:3453)
    at Kv (http://localhost:3939/ui/assets/index-B5Gb5W-w.js:136:4546)
    at Yh (http://localhost:3939/ui/assets/index-B5Gb5W-w.js:157:8808)
    at http://localhost:3939/ui/assets/index-B5Gb5W-w.js:168:4957
[    9924ms] ReferenceError: process is not defined
    at Ga (http://localhost:3939/ui/assets/index-B5Gb5W-w.js:135:1479)
    at Av (http://localhost:3939/ui/assets/index-B5Gb5W-w.js:135:1678)
    at http://localhost:3939/ui/assets/index-B5Gb5W-w.js:135:6270
    at $v (http://localhost:3939/ui/assets/index-B5Gb5W-w.js:136:1123)
    at http://localhost:3939/ui/assets/index-B5Gb5W-w.js:136:1197
    at zh (http://localhost:3939/ui/assets/index-B5Gb5W-w.js:136:1215)
    at fs (http://localhost:3939/ui/assets/index-B5Gb5W-w.js:136:3453)
    at Kv (http://localhost:3939/ui/assets/index-B5Gb5W-w.js:136:4546)
    at Yh (http://localhost:3939/ui/assets/index-B5Gb5W-w.js:157:8808)
    at http://localhost:3939/ui/assets/index-B5Gb5W-w.js:168:4957
[   10804ms] ReferenceError: process is not defined
    at Ga (http://localhost:3939/ui/assets/index-B5Gb5W-w.js:135:1479)
    at Av (http://localhost:3939/ui/assets/index-B5Gb5W-w.js:135:1678)
    at http://localhost:3939/ui/assets/index-B5Gb5W-w.js:135:6270
    at $v (http://localhost:3939/ui/assets/index-B5Gb5W-w.js:136:1123)
    at http://localhost:3939/ui/assets/index-B5Gb5W-w.js:136:1197
    at zh (http://localhost:3939/ui/assets/index-B5Gb5W-w.js:136:1215)
    at fs (http://localhost:3939/ui/assets/index-B5Gb5W-w.js:136:3453)
    at Kv (http://localhost:3939/ui/assets/index-B5Gb5W-w.js:136:4546)
    at Yh (http://localhost:3939/ui/assets/index-B5Gb5W-w.js:157:8808)
    at http://localhost:3939/ui/assets/index-B5Gb5W-w.js:168:4957
[   11162ms] ReferenceError: process is not defined
    at Ga (http://localhost:3939/ui/assets/index-B5Gb5W-w.js:135:1479)
    at Av (http://localhost:3939/ui/assets/index-B5Gb5W-w.js:135:1678)
    at http://localhost:3939/ui/assets/index-B5Gb5W-w.js:135:6270
    at $v (http://localhost:3939/ui/assets/index-B5Gb5W-w.js:136:1123)
    at http://localhost:3939/ui/assets/index-B5Gb5W-w.js:136:1197
    at zh (http://localhost:3939/ui/assets/index-B5Gb5W-w.js:136:1215)
    at fs (http://localhost:3939/ui/assets/index-B5Gb5W-w.js:136:3453)
    at Kv (http://localhost:3939/ui/assets/index-B5Gb5W-w.js:136:4546)
    at Yh (http://localhost:3939/ui/assets/index-B5Gb5W-w.js:157:8808)
    at http://localhost:3939/ui/assets/index-B5Gb5W-w.js:168:4957
[   11426ms] ReferenceError: process is not defined
    at Ga (http://localhost:3939/ui/assets/index-B5Gb5W-w.js:135:1479)
    at Av (http://localhost:3939/ui/assets/index-B5Gb5W-w.js:135:1678)
    at http://localhost:3939/ui/assets/index-B5Gb5W-w.js:135:6270
    at $v (http://localhost:3939/ui/assets/index-B5Gb5W-w.js:136:1123)
    at http://localhost:3939/ui/assets/index-B5Gb5W-w.js:136:1197
    at zh (http://localhost:3939/ui/assets/index-B5Gb5W-w.js:136:1215)
    at fs (http://localhost:3939/ui/assets/index-B5Gb5W-w.js:136:3453)
    at Kv (http://localhost:3939/ui/assets/index-B5Gb5W-w.js:136:4546)
    at Yh (http://localhost:3939/ui/assets/index-B5Gb5W-w.js:157:8808)
    at http://localhost:3939/ui/assets/index-B5Gb5W-w.js:168:4957
[   11719ms] ReferenceError: process is not defined
    at Ga (http://localhost:3939/ui/assets/index-B5Gb5W-w.js:135:1479)
    at Av (http://localhost:3939/ui/assets/index-B5Gb5W-w.js:135:1678)
    at http://localhost:3939/ui/assets/index-B5Gb5W-w.js:135:6270
    at $v (http://localhost:3939/ui/assets/index-B5Gb5W-w.js:136:1123)
    at http://localhost:3939/ui/assets/index-B5Gb5W-w.js:136:1197
    at zh (http://localhost:3939/ui/assets/index-B5Gb5W-w.js:136:1215)
    at fs (http://localhost:3939/ui/assets/index-B5Gb5W-w.js:136:3453)
    at Kv (http://localhost:3939/ui/assets/index-B5Gb5W-w.js:136:4546)
    at Yh (http://localhost:3939/ui/assets/index-B5Gb5W-w.js:157:8808)
    at http://localhost:3939/ui/assets/index-B5Gb5W-w.js:168:4957
[   11963ms] ReferenceError: process is not defined
    at Ga (http://localhost:3939/ui/assets/index-B5Gb5W-w.js:135:1479)
    at Av (http://localhost:3939/ui/assets/index-B5Gb5W-w.js:135:1678)
    at http://localhost:3939/ui/assets/index-B5Gb5W-w.js:135:6270
    at $v (http://localhost:3939/ui/assets/index-B5Gb5W-w.js:136:1123)
    at http://localhost:3939/ui/assets/index-B5Gb5W-w.js:136:1197
    at zh (http://localhost:3939/ui/assets/index-B5Gb5W-w.js:136:1215)
    at fs (http://localhost:3939/ui/assets/index-B5Gb5W-w.js:136:3453)
    at Kv (http://localhost:3939/ui/assets/index-B5Gb5W-w.js:136:4546)
    at Yh (http://localhost:3939/ui/assets/index-B5Gb5W-w.js:157:8808)
    at http://localhost:3939/ui/assets/index-B5Gb5W-w.js:168:4957
[   12176ms] ReferenceError: process is not defined
    at Ga (http://localhost:3939/ui/assets/index-B5Gb5W-w.js:135:1479)
    at Av (http://localhost:3939/ui/assets/index-B5Gb5W-w.js:135:1678)
    at http://localhost:3939/ui/assets/index-B5Gb5W-w.js:135:6270
    at $v (http://localhost:3939/ui/assets/index-B5Gb5W-w.js:136:1123)
    at http://localhost:3939/ui/assets/index-B5Gb5W-w.js:136:1197
    at zh (http://localhost:3939/ui/assets/index-B5Gb5W-w.js:136:1215)
    at fs (http://localhost:3939/ui/assets/index-B5Gb5W-w.js:136:3453)
    at Kv (http://localhost:3939/ui/assets/index-B5Gb5W-w.js:136:4546)
    at Yh (http://localhost:3939/ui/assets/index-B5Gb5W-w.js:157:8808)
    at http://localhost:3939/ui/assets/index-B5Gb5W-w.js:168:4957
[   12378ms] ReferenceError: process is not defined
    at Ga (http://localhost:3939/ui/assets/index-B5Gb5W-w.js:135:1479)
    at Av (http://localhost:3939/ui/assets/index-B5Gb5W-w.js:135:1678)
    at http://localhost:3939/ui/assets/index-B5Gb5W-w.js:135:6270
    at $v (http://localhost:3939/ui/assets/index-B5Gb5W-w.js:136:1123)
    at http://localhost:3939/ui/assets/index-B5Gb5W-w.js:136:1197
    at zh (http://localhost:3939/ui/assets/index-B5Gb5W-w.js:136:1215)
    at fs (http://localhost:3939/ui/assets/index-B5Gb5W-w.js:136:3453)
    at Kv (http://localhost:3939/ui/assets/index-B5Gb5W-w.js:136:4546)
    at Yh (http://localhost:3939/ui/assets/index-B5Gb5W-w.js:157:8808)
    at http://localhost:3939/ui/assets/index-B5Gb5W-w.js:168:4957
[   12594ms] ReferenceError: process is not defined
    at Ga (http://localhost:3939/ui/assets/index-B5Gb5W-w.js:135:1479)
    at Av (http://localhost:3939/ui/assets/index-B5Gb5W-w.js:135:1678)
    at http://localhost:3939/ui/assets/index-B5Gb5W-w.js:135:6270
    at $v (http://localhost:3939/ui/assets/index-B5Gb5W-w.js:136:1123)
    at http://localhost:3939/ui/assets/index-B5Gb5W-w.js:136:1197
    at zh (http://localhost:3939/ui/assets/index-B5Gb5W-w.js:136:1215)
    at fs (http://localhost:3939/ui/assets/index-B5Gb5W-w.js:136:3453)
    at Kv (http://localhost:3939/ui/assets/index-B5Gb5W-w.js:136:4546)
    at Yh (http://localhost:3939/ui/assets/index-B5Gb5W-w.js:157:8808)
    at http://localhost:3939/ui/assets/index-B5Gb5W-w.js:168:4957
[   12824ms] ReferenceError: process is not defined
    at Ga (http://localhost:3939/ui/assets/index-B5Gb5W-w.js:135:1479)
    at Av (http://localhost:3939/ui/assets/index-B5Gb5W-w.js:135:1678)
    at http://localhost:3939/ui/assets/index-B5Gb5W-w.js:135:6270
    at $v (http://localhost:3939/ui/assets/index-B5Gb5W-w.js:136:1123)
    at http://localhost:3939/ui/assets/index-B5Gb5W-w.js:136:1197
    at zh (http://localhost:3939/ui/assets/index-B5Gb5W-w.js:136:1215)
    at fs (http://localhost:3939/ui/assets/index-B5Gb5W-w.js:136:3453)
    at Kv (http://localhost:3939/ui/assets/index-B5Gb5W-w.js:136:4546)
    at Yh (http://localhost:3939/ui/assets/index-B5Gb5W-w.js:157:8808)
    at http://localhost:3939/ui/assets/index-B5Gb5W-w.js:168:4957
[   91233ms] ReferenceError: process is not defined
    at Ga (http://localhost:3939/ui/assets/index-B5Gb5W-w.js:135:1479)
    at Av (http://localhost:3939/ui/assets/index-B5Gb5W-w.js:135:1678)
    at http://localhost:3939/ui/assets/index-B5Gb5W-w.js:135:6270
    at $v (http://localhost:3939/ui/assets/index-B5Gb5W-w.js:136:1123)
    at http://localhost:3939/ui/assets/index-B5Gb5W-w.js:136:1197
    at zh (http://localhost:3939/ui/assets/index-B5Gb5W-w.js:136:1215)
    at fs (http://localhost:3939/ui/assets/index-B5Gb5W-w.js:136:3453)
    at Kv (http://localhost:3939/ui/assets/index-B5Gb5W-w.js:136:4546)
    at Yh (http://localhost:3939/ui/assets/index-B5Gb5W-w.js:157:8808)
    at http://localhost:3939/ui/assets/index-B5Gb5W-w.js:168:4957
[  104128ms] [VERBOSE] [DOM] Input elements should have autocomplete attributes (suggested: "current-password"): (More info: https://goo.gl/9p2vKq) %o @ http://localhost:3939/ui:0
