[      94ms] [ERROR] Failed to load resource: the server responded with a status of 404 (Not Found) @ http://localhost:3939/api/providers/active:0
[      94ms] [ERROR] Failed to fetch active provider: HTTP 404 @ http://localhost:3939/ui/assets/index-DHsaTNln.js:131
[     104ms] [ERROR] Failed to load resource: the server responded with a status of 404 (Not Found) @ http://localhost:3939/favicon.ico:0
[    8033ms] [ERROR] Failed to load resource: the server responded with a status of 404 (Not Found) @ http://localhost:3939/api/providers/active:0
[    8033ms] [ERROR] Failed to set active provider: HTTP 404 @ http://localhost:3939/ui/assets/index-DHsaTNln.js:131
[   10715ms] [ERROR] Failed to load resource: the server responded with a status of 404 (Not Found) @ http://localhost:3939/api/providers/active:0
[   10715ms] [ERROR] Failed to set active provider: HTTP 404 @ http://localhost:3939/ui/assets/index-DHsaTNln.js:131
[   11618ms] [ERROR] Failed to load resource: the server responded with a status of 404 (Not Found) @ http://localhost:3939/api/providers/active:0
[   11618ms] [ERROR] Failed to set active provider: HTTP 404 @ http://localhost:3939/ui/assets/index-DHsaTNln.js:131
[   12665ms] [ERROR] Failed to load resource: the server responded with a status of 404 (Not Found) @ http://localhost:3939/api/providers/active:0
[   12665ms] [ERROR] Failed to set active provider: HTTP 404 @ http://localhost:3939/ui/assets/index-DHsaTNln.js:131
[   13569ms] [ERROR] Failed to load resource: the server responded with a status of 404 (Not Found) @ http://localhost:3939/api/providers/active:0
[   13569ms] [ERROR] Failed to set active provider: HTTP 404 @ http://localhost:3939/ui/assets/index-DHsaTNln.js:131
[   14764ms] [ERROR] Failed to load resource: the server responded with a status of 404 (Not Found) @ http://localhost:3939/api/providers/active:0
[   14765ms] [ERROR] Failed to set active provider: HTTP 404 @ http://localhost:3939/ui/assets/index-DHsaTNln.js:131
[   50788ms] [VERBOSE] [DOM] Input elements should have autocomplete attributes (suggested: "current-password"): (More info: https://goo.gl/9p2vKq) %o @ http://localhost:3939/ui:0
[   63019ms] [ERROR] Failed to load resource: the server responded with a status of 404 (Not Found) @ http://localhost:3939/api/providers/active:0
[   63019ms] [ERROR] Failed to fetch active provider: HTTP 404 @ http://localhost:3939/ui/assets/index-DHsaTNln.js:131
[   65966ms] [VERBOSE] [DOM] Input elements should have autocomplete attributes (suggested: "current-password"): (More info: https://goo.gl/9p2vKq) %o @ http://localhost:3939/ui:0
[   82089ms] [ERROR] Failed to load resource: the server responded with a status of 404 (Not Found) @ http://localhost:3939/api/providers/active:0
[   82090ms] [ERROR] Failed to set active provider: HTTP 404 @ http://localhost:3939/ui/assets/index-DHsaTNln.js:131
[   82296ms] [ERROR] Failed to load resource: the server responded with a status of 404 (Not Found) @ http://localhost:3939/api/providers/active:0
[   82297ms] [ERROR] Failed to set active provider: HTTP 404 @ http://localhost:3939/ui/assets/index-DHsaTNln.js:131
