[      38ms] [ERROR] Failed to load resource: the server responded with a status of 404 (Not Found) @ http://localhost:3939/api/providers/active:0
[      38ms] [ERROR] Failed to fetch active provider: HTTP 404 @ http://localhost:3939/ui/assets/index-DhEFvCr2.js:131
[    7614ms] [ERROR] Failed to load resource: the server responded with a status of 404 (Not Found) @ http://localhost:3939/api/providers/active:0
[    7614ms] [ERROR] Failed to set active provider: HTTP 404 @ http://localhost:3939/ui/assets/index-DhEFvCr2.js:131
[    7797ms] [ERROR] Failed to load resource: the server responded with a status of 404 (Not Found) @ http://localhost:3939/api/providers/active:0
[    7798ms] [ERROR] Failed to set active provider: HTTP 404 @ http://localhost:3939/ui/assets/index-DhEFvCr2.js:131
[    7984ms] [ERROR] Failed to load resource: the server responded with a status of 404 (Not Found) @ http://localhost:3939/api/providers/active:0
[    7984ms] [ERROR] Failed to set active provider: HTTP 404 @ http://localhost:3939/ui/assets/index-DhEFvCr2.js:131
[    8275ms] [ERROR] Failed to load resource: the server responded with a status of 404 (Not Found) @ http://localhost:3939/api/providers/active:0
[    8275ms] [ERROR] Failed to set active provider: HTTP 404 @ http://localhost:3939/ui/assets/index-DhEFvCr2.js:131
[    8465ms] [ERROR] Failed to load resource: the server responded with a status of 404 (Not Found) @ http://localhost:3939/api/providers/active:0
[    8465ms] [ERROR] Failed to set active provider: HTTP 404 @ http://localhost:3939/ui/assets/index-DhEFvCr2.js:131
[   21747ms] [ERROR] Failed to load resource: the server responded with a status of 404 (Not Found) @ http://localhost:3939/api/providers/active:0
[   21747ms] [ERROR] Failed to set active provider: HTTP 404 @ http://localhost:3939/ui/assets/index-DhEFvCr2.js:131
[   21932ms] [ERROR] Failed to load resource: the server responded with a status of 404 (Not Found) @ http://localhost:3939/api/providers/active:0
[   21932ms] [ERROR] Failed to set active provider: HTTP 404 @ http://localhost:3939/ui/assets/index-DhEFvCr2.js:131
[   22785ms] [ERROR] Failed to load resource: the server responded with a status of 404 (Not Found) @ http://localhost:3939/api/providers/active:0
[   22786ms] [ERROR] Failed to set active provider: HTTP 404 @ http://localhost:3939/ui/assets/index-DhEFvCr2.js:131
[   22982ms] [ERROR] Failed to load resource: the server responded with a status of 404 (Not Found) @ http://localhost:3939/api/providers/active:0
[   22982ms] [ERROR] Failed to set active provider: HTTP 404 @ http://localhost:3939/ui/assets/index-DhEFvCr2.js:131
[   88561ms] [ERROR] Failed to load resource: the server responded with a status of 404 (Not Found) @ http://localhost:3939/api/providers/active:0
[   88561ms] [ERROR] Failed to set active provider: HTTP 404 @ http://localhost:3939/ui/assets/index-DhEFvCr2.js:131
