[      38ms] [ERROR] Failed to load resource: the server responded with a status of 404 (Not Found) @ http://localhost:3939/api/providers/active:0
[      38ms] [ERROR] Failed to fetch active provider: HTTP 404 @ http://localhost:3939/ui/assets/index-Dl53pmxS.js:131
[   47397ms] [ERROR] Failed to load resource: the server responded with a status of 404 (Not Found) @ http://localhost:3939/api/providers/active:0
[   47397ms] [ERROR] Failed to fetch active provider: HTTP 404 @ http://localhost:3939/ui/assets/index-Dl53pmxS.js:131
[   51373ms] [ERROR] Failed to load resource: the server responded with a status of 404 (Not Found) @ http://localhost:3939/api/providers/active:0
[   51373ms] [ERROR] Failed to fetch active provider: HTTP 404 @ http://localhost:3939/ui/assets/index-Dl53pmxS.js:131
[   51601ms] [ERROR] Failed to load resource: the server responded with a status of 404 (Not Found) @ http://localhost:3939/api/providers/active:0
[   51601ms] [ERROR] Failed to fetch active provider: HTTP 404 @ http://localhost:3939/ui/assets/index-Dl53pmxS.js:131
[   51776ms] [ERROR] Failed to load resource: the server responded with a status of 404 (Not Found) @ http://localhost:3939/api/providers/active:0
[   51776ms] [ERROR] Failed to fetch active provider: HTTP 404 @ http://localhost:3939/ui/assets/index-Dl53pmxS.js:131
[   51930ms] [ERROR] Failed to load resource: the server responded with a status of 404 (Not Found) @ http://localhost:3939/api/providers/active:0
[   51930ms] [ERROR] Failed to fetch active provider: HTTP 404 @ http://localhost:3939/ui/assets/index-Dl53pmxS.js:131
[   52107ms] [ERROR] Failed to load resource: the server responded with a status of 404 (Not Found) @ http://localhost:3939/api/providers/active:0
[   52107ms] [ERROR] Failed to fetch active provider: HTTP 404 @ http://localhost:3939/ui/assets/index-Dl53pmxS.js:131
[  115825ms] [ERROR] Failed to load resource: the server responded with a status of 404 (Not Found) @ http://localhost:3939/api/providers/active:0
[  115825ms] [ERROR] Failed to fetch active provider: HTTP 404 @ http://localhost:3939/ui/assets/index-Dl53pmxS.js:131
[  116010ms] [ERROR] Failed to load resource: the server responded with a status of 404 (Not Found) @ http://localhost:3939/api/providers/active:0
[  116010ms] [ERROR] Failed to fetch active provider: HTTP 404 @ http://localhost:3939/ui/assets/index-Dl53pmxS.js:131
[  116240ms] [ERROR] Failed to load resource: the server responded with a status of 404 (Not Found) @ http://localhost:3939/api/providers/active:0
[  116240ms] [ERROR] Failed to fetch active provider: HTTP 404 @ http://localhost:3939/ui/assets/index-Dl53pmxS.js:131
[  116694ms] [ERROR] Failed to load resource: the server responded with a status of 404 (Not Found) @ http://localhost:3939/api/providers/active:0
[  116694ms] [ERROR] Failed to fetch active provider: HTTP 404 @ http://localhost:3939/ui/assets/index-Dl53pmxS.js:131
[  116915ms] [ERROR] Failed to load resource: the server responded with a status of 404 (Not Found) @ http://localhost:3939/api/providers/active:0
[  116915ms] [ERROR] Failed to fetch active provider: HTTP 404 @ http://localhost:3939/ui/assets/index-Dl53pmxS.js:131
[  117148ms] [ERROR] Failed to load resource: the server responded with a status of 404 (Not Found) @ http://localhost:3939/api/providers/active:0
[  117148ms] [ERROR] Failed to fetch active provider: HTTP 404 @ http://localhost:3939/ui/assets/index-Dl53pmxS.js:131
[  117379ms] [ERROR] Failed to load resource: the server responded with a status of 404 (Not Found) @ http://localhost:3939/api/providers/active:0
[  117379ms] [ERROR] Failed to fetch active provider: HTTP 404 @ http://localhost:3939/ui/assets/index-Dl53pmxS.js:131
[  117738ms] [ERROR] Failed to load resource: the server responded with a status of 404 (Not Found) @ http://localhost:3939/api/providers/active:0
[  117738ms] [ERROR] Failed to fetch active provider: HTTP 404 @ http://localhost:3939/ui/assets/index-Dl53pmxS.js:131
[  117973ms] [ERROR] Failed to load resource: the server responded with a status of 404 (Not Found) @ http://localhost:3939/api/providers/active:0
[  117973ms] [ERROR] Failed to fetch active provider: HTTP 404 @ http://localhost:3939/ui/assets/index-Dl53pmxS.js:131
[  118197ms] [ERROR] Failed to load resource: the server responded with a status of 404 (Not Found) @ http://localhost:3939/api/providers/active:0
[  118198ms] [ERROR] Failed to fetch active provider: HTTP 404 @ http://localhost:3939/ui/assets/index-Dl53pmxS.js:131
[  129939ms] [ERROR] Failed to load resource: the server responded with a status of 404 (Not Found) @ http://localhost:3939/api/providers/active:0
[  129939ms] [ERROR] Failed to fetch active provider: HTTP 404 @ http://localhost:3939/ui/assets/index-Dl53pmxS.js:131
[  130459ms] [ERROR] Failed to load resource: the server responded with a status of 404 (Not Found) @ http://localhost:3939/api/providers/active:0
[  130459ms] [ERROR] Failed to fetch active provider: HTTP 404 @ http://localhost:3939/ui/assets/index-Dl53pmxS.js:131
[  130766ms] [ERROR] Failed to load resource: the server responded with a status of 404 (Not Found) @ http://localhost:3939/api/providers/active:0
[  130766ms] [ERROR] Failed to fetch active provider: HTTP 404 @ http://localhost:3939/ui/assets/index-Dl53pmxS.js:131
